// Jest Snapshot v1, https://goo.gl/fbAQLP

exports[`AddNewButton should render AddNewButton component 1`] = `
<div
  className="row"
>
  <button
    className="btn btn-primary btn-add"
    onClick={[Function]}
    type="button"
  >
    Add Note
  </button>
</div>
`;
