// Jest Snapshot v1, https://goo.gl/fbAQLP

exports[`Note should render Note component 1`] = `
<div
  className="col-md-3 note_text"
>
  <div
    className="note_text--textarea"
    style={
      Object {
        "backgroundColor": "testBackground",
        "opacity": 1,
      }
    }
  >
    <textarea
      name="textarea"
      onBlur={[Function]}
      onChange={[Function]}
      style={Object {}}
      value="testText"
    />
    <span
      onClick={[Function]}
      style={
        Object {
          "position": "absolute",
        }
      }
    >
      Ã—
    </span>
  </div>
</div>
`;
